Running wizard test...
Feeding: 'y'
[H[2J[3J
[0;36m┌──────────────────────────────────────────────────────────┐[0m
[0;36m│[0m Step 8 of 10: Custom Backend Services                    [0;36m│[0m
[0;36m└──────────────────────────────────────────────────────────┘[0m

🔧 Custom Backend Services


Service #1:
Service name [service-1]: Feeding: ''
DEBUG: input='service-1' pattern='^[a-z][a-z0-9_-]*$'
DEBUG: Match!

Service type:
Select type

  1) express-js - Express.js REST API
  2) fastapi - Python FastAPI
  3) bullmq-js - BullMQ job processor
  4) grpc - gRPC service
  5) neo4j - Neo4j Graph Database
  6) Custom Docker image

Selection [1]: Feeding: '5'

Service port [8001]: Feeding: '8001'
DEBUG: input='8001' pattern='^[0-9]+$'
DEBUG: No match!
Invalid input. Please try again.

Feeding: 'n'
Verifying configuration...
Config: CUSTOM_SERVICE_1=service-1:neo4j:8001
Config: CUSTOM_SERVICES_COUNT=1
SUCCESS: Neo4j configuration verified!
